[("sha0", { w := 544, aux := 9, quot := 5, fin := 9, maxLog := 22 }),
 ("sha1", { w := 544, aux := 9, quot := 5, fin := 9, maxLog := 22 }),
 ("sha2", { w := 544, aux := 9, quot := 5, fin := 9, maxLog := 22 }),
 ("sha3", { w := 544, aux := 9, quot := 5, fin := 9, maxLog := 22 }),
 ("node-size-count", { w := 187, aux := 11, quot := 6, fin := 11, maxLog := 22 }),
 ("head", { w := 73, aux := 4, quot := 5, fin := 4, maxLog := 11 }),
 ("value-size-count", { w := 16, aux := 4, quot := 5, fin := 4, maxLog := 22 }),
 ("walk", { w := 56, aux := 4, quot := 5, fin := 4, maxLog := 21 }),
 ("uniq", { w := 53, aux := 2, quot := 4, fin := 2, maxLog := 22 }),
 ("compact-ups", { w := 200, aux := 8, quot := 5, fin := 8, maxLog := 22 }),
 ("chacha", { w := 272, aux := 2, quot := 5, fin := 2, maxLog := 21 }),
 ("rng", { w := 137, aux := 2, quot := 3, fin := 2, maxLog := 20 }),
 ("shuffle", { w := 77, aux := 4, quot := 6, fin := 4, maxLog := 20 }),
 ("codec-relay", { w := 91, aux := 8, quot := 5, fin := 8, maxLog := 22 }),
 ("scan-dist", { w := 119, aux := 6, quot := 5, fin := 6, maxLog := 22 }),
 ("process", { w := 64, aux := 6, quot := 5, fin := 6, maxLog := 22 }),
 ("memory", { w := 18, aux := 3, quot := 5, fin := 3, maxLog := 22 }),
 ("compare", { w := 33, aux := 1, quot := 3, fin := 1, maxLog := 22 }),
 ("receipt-q", { w := 263, aux := 9, quot := 5, fin := 9, maxLog := 22 }),
 ("account", { w := 16, aux := 7, quot := 5, fin := 7, maxLog := 17 }),
 ("account-key", { w := 7, aux := 2, quot := 5, fin := 2, maxLog := 16 }),
 ("boundary", { w := 6, aux := 2, quot := 5, fin := 2, maxLog := 13 }),
 ("source0", { w := 57, aux := 4, quot := 7, fin := 4, maxLog := 22 }),
 ("source1", { w := 57, aux := 4, quot := 7, fin := 4, maxLog := 22 }),
 ("source2", { w := 57, aux := 4, quot := 7, fin := 4, maxLog := 22 }),
 ("source3", { w := 57, aux := 3, quot := 5, fin := 3, maxLog := 22 }),
 ("size-count", { w := 33, aux := 1, quot := 3, fin := 1, maxLog := 2 }),
 ("merkle", { w := 58, aux := 3, quot := 5, fin := 3, maxLog := 19 }),
 ("sort", { w := 49, aux := 1, quot := 3, fin := 1, maxLog := 18 }),
 ("queue-key-repair", { w := 52, aux := 7, quot := 6, fin := 7, maxLog := 22 })]
((9957222, 9498374, 9586406), 295142, 3946464, 1283264, 1287360, 2686144)
[(17, 4, 6, 8),
 (17, 4, 6, 8),
 (17, 4, 6, 8),
 (17, 4, 6, 8),
 (21, 5, 7, 8),
 (8, 4, 6, 8),
 (7, 4, 6, 8),
 (6, 4, 6, 8),
 (2, 5, 5, 5),
 (14, 4, 6, 8),
 (4, 4, 6, 8),
 (2, 4, 4, 4),
 (8, 5, 7, 9),
 (16, 4, 6, 8),
 (10, 4, 6, 8),
 (11, 4, 6, 8),
 (4, 4, 6, 8),
 (1, 4, 4, 4),
 (18, 4, 6, 8),
 (13, 4, 6, 8),
 (3, 4, 6, 6),
 (3, 4, 6, 6),
 (6, 5, 8, 11),
 (7, 5, 8, 11),
 (7, 5, 8, 11),
 (6, 4, 6, 8),
 (1, 4, 4, 4),
 (5, 4, 6, 8),
 (1, 4, 4, 4),
 (13, 6, 7, 9)]
true
[("sha0", 0),
 ("sha1", 0),
 ("sha2", 0),
 ("sha3", 0),
 ("node-size-count", 2),
 ("head", 0),
 ("value-size-count", 1),
 ("walk", 0),
 ("uniq", 0),
 ("compact-ups", 1),
 ("chacha", 0),
 ("rng", 0),
 ("shuffle", 0),
 ("codec-relay", 2),
 ("scan-dist", 0),
 ("process", 0),
 ("memory", 0),
 ("compare", 0),
 ("receipt-q", 3),
 ("account", 5),
 ("account-key", 0),
 ("boundary", 0),
 ("source0", 1),
 ("source1", 1),
 ("source2", 1),
 ("source3", 1),
 ("size-count", 0),
 ("merkle", 1),
 ("sort", 0),
 ("queue-key-repair", 0)]
