[("sha0", 602625),
 ("sha1", 602625),
 ("sha2", 602625),
 ("sha3", 602625),
 ("node-size-count", 292289),
 ("head", 130497),
 ("value-size-count", 77601),
 ("walk", 114721),
 ("uniq", 90977),
 ("compact-ups", 276385),
 ("chacha", 301153),
 ("rng", 161985),
 ("shuffle", 141153),
 ("codec-relay", 175233),
 ("scan-dist", 187201),
 ("process", 136161),
 ("memory", 72449),
 ("compare", 58465),
 ("receipt-q", 341857),
 ("account", 98625),
 ("account-key", 55233),
 ("boundary", 54305),
 ("source0", 129537),
 ("source1", 129537),
 ("source2", 129537),
 ("source3", 108641),
 ("size-count", 18945),
 ("merkle", 109569),
 ("sort", 73313),
 ("queue-key-repair", 138977)]
[9498374, 9498374, 9498374, 9498374]
[9498374, 9498374, 9247046, 9023366]
[9498374, 8895749, 8293124, 7690499]
[("sha0", 1, 16),
 ("sha1", 1, 16),
 ("sha2", 1, 16),
 ("sha3", 1, 16),
 ("node-size-count", 11, 10),
 ("head", 4, 4),
 ("value-size-count", 3, 4),
 ("walk", 3, 3),
 ("uniq", 1, 1),
 ("compact-ups", 7, 7),
 ("chacha", 4, 0),
 ("rng", 1, 1),
 ("shuffle", 4, 4),
 ("codec-relay", 8, 8),
 ("scan-dist", 7, 3),
 ("process", 6, 5),
 ("memory", 3, 1),
 ("compare", 0, 1),
 ("receipt-q", 12, 6),
 ("account", 12, 1),
 ("account-key", 2, 1),
 ("boundary", 1, 2),
 ("source0", 3, 3),
 ("source1", 3, 4),
 ("source2", 3, 4),
 ("source3", 2, 4),
 ("size-count", 0, 1),
 ("merkle", 2, 3),
 ("sort", 0, 1),
 ("queue-key-repair", 8, 5)]
