/data/illia/nearproof-wt/runners-core/tests/e2e/run.sh

== build (arena-server, arena-worker, arena CLI)

== database arena_e2e_runners (dropped and recreated; never touches other databases)
NOTICE:  database "arena_e2e_runners" does not exist, skipping

== arena-server on 127.0.0.1:18471 (worker API :18472)
challenge registered: chl_54c65fe7c73c5abcfe500681889177bc tier demo
challenge registered: chl_f7eb2d91bf7b363eee134b6ad9d3e011 tier formal key 9bbbb2f5a070a0e9c6be62055e122ce78e866ec620d5e86d9926614e4c050426

== arena-worker (bwrap-dev, DEMO-only isolation)

== submit the toy reference candidate via the arena CLI
uploading 2247 bytes (sha256:42758374f1fa965f3b3c46238f9fc1b2efe1afbfaa153bc2ed1fb2df930389f4)
submission sub_ff255c4cbb364849a162fe56a78f4e73

== submit the same candidate (no formal certificate) to the formal NEAR challenge
uploading 2247 bytes (sha256:9a9d6dbd3ffe04ea8254535b3022f09e6a8f45fa07f028e36922f6b56aff1a36)
NEAR submission sub_bf1698cbdd944131b5e07f91cd4be0e4

== assertions
decision=ADMITTED accepted=True tier=demo score=None
  PKG_WELLFORMED               PASS     DEMO_ONLY                      'package TreeDigest sha256:d38a92e1e00901634203f0247bf6d8ee2cc25db46626f174e3f2cfde6ebfe493; 9 files, 5152 byte'
  BUILD_REPRODUCIBLE           PASS     DEMO_ONLY                      '[bwrap-dev (DEMO-only)] two independent builds produced identical trees sha256:32025a5b9ac335cbc84a9a076f14119'
  ADVERSARIAL_PROOFS           PASS     DEMO_ONLY                      '[bwrap-dev (DEMO-only)] 94 hostile inputs from [truncate,bitflip,empty,oversize,swap,append,adv:empty,adv:trun'
  CONFORMANCE_DIFFERENTIAL     PASS     DEMO_ONLY                      '[bwrap-dev (DEMO-only)] 14/14 cases conform (6 public fixtures, 8 judge-sampled)'
  PROVER_RELIABILITY           PASS     DEMO_ONLY                      '[bwrap-dev (DEMO-only)] 14/14 honest proofs produced and accepted'
  RESOURCE_LIMITS              PASS     DEMO_ONLY                      '[bwrap-dev (DEMO-only)] public cases: max proof 40 bytes (cap 1048576), max verify 5 ms (cap 1000), peak memor'
  BENCHMARK                    PASS     DEMO_ONLY                      '[bwrap-dev (DEMO-only)] challenge has no frozen baseline for every class: measured, not scored; DEV: batch siz'
ok   stage DECIDED
ok   run tier is demo
ok   required gate PKG_WELLFORMED PASS
ok   PKG_WELLFORMED carries DEMO_ONLY
ok   PKG_WELLFORMED produced by real judge work
ok   required gate BUILD_REPRODUCIBLE PASS
ok   BUILD_REPRODUCIBLE carries DEMO_ONLY
ok   BUILD_REPRODUCIBLE produced by real judge work
ok   required gate CONFORMANCE_DIFFERENTIAL PASS
ok   CONFORMANCE_DIFFERENTIAL carries DEMO_ONLY
ok   CONFORMANCE_DIFFERENTIAL produced by real judge work
ok   required gate ADVERSARIAL_PROOFS PASS
ok   ADVERSARIAL_PROOFS carries DEMO_ONLY
ok   ADVERSARIAL_PROOFS produced by real judge work
ok   required gate PROVER_RELIABILITY PASS
ok   PROVER_RELIABILITY carries DEMO_ONLY
ok   PROVER_RELIABILITY produced by real judge work
ok   required gate RESOURCE_LIMITS PASS
ok   RESOURCE_LIMITS carries DEMO_ONLY
ok   RESOURCE_LIMITS produced by real judge work
ok   required gate BENCHMARK PASS
ok   BENCHMARK carries DEMO_ONLY
ok   BENCHMARK produced by real judge work
ok   build ran in the bwrap-dev sandbox
ok   conformance ran oracle cases
ok   no hostile proof accepted
ok   benchmark measured every class
ok   decision is ADMITTED (demo) or INCONCLUSIVE
ok   listed on the leaderboard with rank null (demo is never ranked)
ok   nothing ranked on a demo challenge

E2E OK: sub_ff255c4cbb364849a162fe56a78f4e73 decided; server log $WORK/demo2/server.log, worker log $WORK/demo2/worker.log

== tier caps: the demo-capped worker never ran the formal challenge's jobs
NEAR submission: stage=RECEIVED decision=None gates=0
ok   formal-tier submission untouched by the bwrap-dev (demo) worker
EXIT 0
