14:40:23 load 10.52 10.18 8.86 pending 4
14:40:53 load 12.10 10.56 9.03 pending 4
14:41:23 load 14.61 11.33 9.34 pending 4
14:41:53 load 10.22 10.57 9.14 pending 4
14:42:24 load 9.08 10.27 9.09 pending 4
14:42:54 load 7.97 9.87 8.99 pending 4
14:43:24 load 5.80 9.16 8.78 pending 4
14:43:54 load 6.48 8.96 8.73 pending 4
14:44:24 load 13.81 10.55 9.27 pending 4
14:44:54 load 14.47 11.08 9.48 pending 4
14:45:24 load 14.47 11.36 9.63 pending 4
14:45:54 load 13.88 11.56 9.75 pending 4
14:46:25 load 10.58 10.98 9.62 pending 4
14:46:55 load 9.81 10.77 9.59 pending 4
14:47:25 load 10.08 10.77 9.63 pending 4
14:47:55 load 7.77 10.12 9.45 pending 4
14:48:25 load 11.71 11.02 9.78 pending 4
14:48:55 load 11.49 10.99 9.81 pending 4
14:49:25 load 12.98 11.40 9.98 pending 4
14:49:55 load 10.79 11.01 9.90 pending 4
14:50:26 load 9.56 10.67 9.82 pending 4
14:50:56 load 10.19 10.72 9.86 pending 4
14:51:26 load 9.17 10.45 9.80 pending 4
14:51:56 load 8.73 10.18 9.74 pending 4
14:52:26 load 12.24 10.89 9.98 pending 4
14:52:58 load 16.82 12.14 10.43 pending 4
14:53:28 load 17.82 12.84 10.72 pending 4
14:53:58 load 15.87 12.88 10.80 pending 4
14:54:28 load 12.91 12.44 10.72 pending 4
14:54:58 load 10.71 11.95 10.62 pending 4
14:55:28 load 8.87 11.39 10.47 pending 4
14:55:59 load 8.03 10.91 10.34 pending 4
14:56:29 load 13.07 11.86 10.67 pending 4
14:56:59 load 13.86 12.11 10.79 pending 4
14:57:29 load 15.47 12.63 11.01 pending 4
14:57:59 load 16.43 13.12 11.22 pending 4
14:58:29 load 14.07 12.88 11.20 pending 4
14:58:59 load 12.52 12.63 11.17 pending 4
14:59:29 load 9.43 11.88 10.97 pending 4
14:59:59 load 7.36 11.14 10.75 pending 4
15:00:29 load 6.41 10.56 10.57 pending 4
15:01:00 load 5.73 10.00 10.38 pending 4
15:01:30 load 6.65 9.79 10.30 pending 4
15:02:00 load 7.78 9.75 10.27 pending 4
15:02:30 load 8.80 9.81 10.27 pending 4
15:03:00 load 8.73 9.71 10.22 pending 4
15:03:30 load 9.45 9.80 10.24 pending 4
15:04:00 load 8.26 9.51 10.13 pending 4
15:04:32 load 9.54 9.68 10.16 pending 4
15:05:02 load 10.96 10.01 10.26 pending 4
15:05:32 load 9.68 9.80 10.18 pending 4
15:06:02 load 8.05 9.39 10.03 pending 4
15:06:32 load 6.80 8.95 9.86 pending 4
15:07:02 load 7.06 8.80 9.78 pending 4
15:07:32 load 8.40 8.96 9.81 pending 4
15:08:02 load 10.39 9.39 9.92 pending 4
15:08:33 load 9.31 9.22 9.85 pending 4
15:09:03 load 10.51 9.53 9.93 pending 4
15:09:33 load 11.07 9.77 10.00 pending 4
15:10:03 load 11.74 10.06 10.09 pending 4
15:10:33 load 12.08 10.33 10.18 pending 4
15:11:03 load 11.19 10.30 10.18 pending 4
15:11:33 load 11.09 10.36 10.20 pending 4
15:12:03 load 12.15 10.71 10.33 pending 4
15:12:34 load 11.10 10.60 10.30 pending 4
15:13:04 load 10.98 10.61 10.32 pending 4
15:13:34 load 10.12 10.48 10.28 pending 4
15:14:04 load 8.96 10.19 10.19 pending 4
15:14:34 load 8.72 10.03 10.14 pending 4
15:15:04 load 9.22 10.02 10.14 pending 4
15:15:34 load 9.57 9.97 10.11 pending 4
15:16:04 load 12.86 10.84 10.40 pending 4
15:16:34 load 11.65 10.75 10.39 pending 4
15:17:05 load 11.24 10.74 10.40 pending 4
15:17:35 load 10.68 10.63 10.37 pending 4
15:18:05 load 9.53 10.36 10.29 pending 4
15:18:35 load 9.69 10.31 10.27 pending 4
15:19:05 load 8.15 9.90 10.14 pending 4
15:19:35 load 9.49 10.08 10.19 pending 4
15:20:05 load 10.03 10.14 10.20 pending 4
15:20:35 load 9.92 10.10 10.19 pending 4
15:21:05 load 9.50 9.98 10.15 pending 4
15:21:35 load 8.23 9.62 10.02 pending 4
15:22:06 load 7.48 9.30 9.90 pending 4
15:22:36 load 6.99 9.01 9.78 pending 4
15:23:06 load 6.49 8.73 9.67 pending 4
15:23:36 load 6.28 8.45 9.54 pending 4
15:24:06 load 6.63 8.32 9.46 pending 4
15:24:36 load 6.53 8.13 9.36 pending 4
15:25:06 load 6.60 7.93 9.24 pending 4
15:25:36 load 6.59 7.82 9.16 pending 4
15:26:06 load 7.11 7.81 9.12 pending 4
15:26:36 load 7.48 7.83 9.08 pending 4
15:27:07 load 7.93 7.88 9.06 pending 4
15:27:37 load 7.08 7.69 8.95 pending 4
15:28:07 load 7.40 7.73 8.93 pending 4
15:28:37 load 7.49 7.71 8.88 pending 4
15:29:07 load 7.88 7.78 8.87 pending 4
15:29:37 load 6.80 7.53 8.75 pending 4
15:30:07 load 7.35 7.61 8.74 pending 4
15:30:37 load 7.42 7.61 8.70 pending 4
15:31:08 load 7.14 7.55 8.65 pending 4
15:31:38 load 7.10 7.50 8.60 pending 4
15:32:08 load 6.68 7.38 8.53 pending 4
15:32:38 load 7.17 7.44 8.51 pending 4
15:33:08 load 6.44 7.26 8.42 pending 4
15:33:38 load 6.55 7.21 8.36 pending 4
15:34:08 load 7.00 7.23 8.33 pending 4
15:34:38 load 6.93 7.20 8.29 pending 4
15:35:08 load 7.81 7.39 8.32 pending 4
15:35:38 load 6.66 7.12 8.20 pending 4
15:36:09 load 6.18 6.97 8.11 pending 4
15:36:39 load 7.24 7.13 8.13 pending 4
15:37:09 load 7.83 7.29 8.15 pending 4
15:37:39 load 7.48 7.28 8.12 pending 4
15:38:09 load 7.91 7.41 8.14 pending 4
15:38:39 load 7.73 7.43 8.12 pending 4
15:39:09 load 7.27 7.33 8.07 pending 4
15:39:39 load 8.01 7.51 8.10 pending 4
15:40:09 load 7.85 7.53 8.09 pending 4
15:40:40 load 7.32 7.42 8.04 pending 4
15:41:10 load 8.02 7.59 8.07 pending 4
15:41:40 load 7.65 7.57 8.06 pending 4
15:42:10 load 7.89 7.63 8.06 pending 4
15:42:40 load 7.24 7.53 8.01 pending 4
15:43:10 load 5.69 7.13 7.86 pending 4
15:43:40 load 5.07 6.83 7.74 pending 4
15:44:10 load 4.65 6.56 7.62 pending 3
15:44:40 load 6.18 6.73 7.64 pending 3
15:45:10 load 7.81 7.06 7.73 pending 3
15:45:41 load 10.82 7.85 7.96 pending 3
15:46:11 load 11.07 8.14 8.06 pending 3
15:46:41 load 11.70 8.62 8.22 pending 3
15:47:11 load 10.61 8.66 8.25 pending 3
15:47:41 load 10.06 8.73 8.28 pending 3
15:48:11 load 9.72 8.78 8.32 pending 3
15:48:41 load 9.00 8.69 8.30 pending 3
15:49:11 load 9.07 8.71 8.32 pending 3
15:49:42 load 9.61 8.88 8.39 pending 3
15:50:12 load 10.30 9.10 8.48 pending 3
15:50:42 load 9.54 9.01 8.47 pending 3
15:51:12 load 9.05 8.91 8.45 pending 3
15:51:42 load 9.08 8.94 8.47 pending 3
15:52:12 load 7.66 8.58 8.37 pending 3
15:52:42 load 10.61 9.30 8.62 pending 3
15:53:12 load 10.86 9.48 8.70 pending 3
15:53:42 load 9.65 9.31 8.67 pending 3
15:54:13 load 9.36 9.28 8.68 pending 3
15:54:43 load 8.65 9.12 8.65 pending 3
15:55:13 load 9.05 9.16 8.68 pending 3
15:55:43 load 8.96 9.13 8.68 pending 3
15:56:13 load 9.47 9.23 8.73 pending 3
15:56:43 load 10.28 9.50 8.84 pending 3
15:57:13 load 9.92 9.47 8.85 pending 3
15:57:43 load 9.18 9.30 8.81 pending 3
15:58:13 load 8.72 9.19 8.79 pending 3
15:58:44 load 8.43 9.06 8.76 pending 3
15:59:14 load 8.23 8.97 8.74 pending 3
15:59:44 load 8.03 8.85 8.71 pending 3
16:00:14 load 8.18 8.79 8.69 pending 3
16:00:44 load 8.64 8.84 8.72 pending 3
16:01:14 load 9.24 8.97 8.76 pending 3
16:01:44 load 8.37 8.78 8.71 pending 3
16:02:14 load 8.60 8.79 8.71 pending 3
16:02:44 load 9.32 8.97 8.78 pending 3
16:03:15 load 9.07 8.93 8.77 pending 3
16:03:45 load 9.35 9.01 8.80 pending 3
16:04:15 load 8.77 8.92 8.78 pending 3
16:04:45 load 8.66 8.88 8.77 pending 3
16:05:15 load 9.05 8.95 8.80 pending 3
16:05:45 load 9.12 8.97 8.81 pending 3
16:06:15 load 8.81 8.89 8.79 pending 3
16:06:45 load 8.59 8.79 8.76 pending 3
16:07:15 load 8.62 8.77 8.75 pending 3
16:07:46 load 8.57 8.74 8.74 pending 3
16:08:16 load 7.90 8.57 8.69 pending 3
16:08:46 load 7.53 8.42 8.63 pending 3
16:09:16 load 6.74 8.17 8.54 pending 3
16:09:46 load 8.39 8.39 8.60 pending 3
16:10:16 load 8.43 8.40 8.60 pending 3
16:10:46 load 7.56 8.16 8.51 pending 3
16:11:16 load 6.57 7.87 8.40 pending 3
16:11:46 load 7.20 7.90 8.39 pending 3
16:12:16 load 8.96 8.25 8.49 pending 3
16:12:47 load 8.32 8.17 8.46 pending 3
16:13:17 load 9.73 8.53 8.57 pending 3
16:13:47 load 9.71 8.63 8.60 pending 3
16:14:17 load 9.87 8.79 8.65 pending 3
16:14:47 load 10.89 9.14 8.78 pending 3
16:15:17 load 11.33 9.38 8.87 pending 3
16:15:48 load 10.37 9.35 8.87 pending 3
16:16:18 load 8.95 9.07 8.79 pending 3
16:16:48 load 11.02 9.59 8.98 pending 3
16:17:18 load 10.50 9.58 9.00 pending 3
16:17:48 load 9.68 9.45 8.97 pending 3
16:18:18 load 10.18 9.59 9.03 pending 3
16:18:49 load 9.79 9.57 9.05 pending 3
16:19:19 load 8.83 9.35 8.99 pending 3
16:19:49 load 8.74 9.28 8.98 pending 3
16:20:19 load 11.22 9.81 9.16 pending 3
16:20:49 load 9.12 9.43 9.06 pending 3
16:21:19 load 8.12 9.15 8.97 pending 3
16:21:49 load 10.28 9.53 9.10 pending 3
16:22:19 load 10.07 9.55 9.12 pending 3
16:22:49 load 8.92 9.32 9.06 pending 3
16:23:19 load 7.07 8.85 8.91 pending 3
16:23:50 load 7.57 8.79 8.89 pending 3
16:24:20 load 9.82 9.23 9.03 pending 3
16:24:50 load 9.50 9.20 9.03 pending 3
16:25:20 load 8.33 8.95 8.95 pending 3
16:25:50 load 8.26 8.87 8.92 pending 3
16:26:20 load 7.04 8.51 8.80 pending 3
16:26:50 load 7.50 8.48 8.78 pending 3
16:27:20 load 7.85 8.48 8.77 pending 3
16:27:51 load 7.50 8.30 8.70 pending 3
16:28:21 load 7.76 8.29 8.69 pending 3
16:28:51 load 8.38 8.41 8.72 pending 3
16:29:21 load 7.54 8.22 8.65 pending 3
16:29:51 load 7.79 8.22 8.63 pending 3
16:30:21 load 7.61 8.13 8.59 pending 3
16:30:51 load 6.74 7.90 8.50 pending 3
16:31:21 load 6.47 7.70 8.41 pending 3
16:31:51 load 7.21 7.76 8.40 pending 3
16:32:22 load 9.06 8.13 8.50 pending 3
16:32:52 load 8.15 7.99 8.45 pending 3
16:33:22 load 7.21 7.78 8.36 pending 3
16:33:52 load 7.13 7.69 8.31 pending 3
16:34:22 load 7.51 7.70 8.29 pending 3
16:34:52 load 7.92 7.80 8.30 pending 3
16:35:22 load 7.00 7.60 8.22 pending 3
16:35:52 load 6.26 7.38 8.13 pending 3
16:36:22 load 6.53 7.36 8.10 pending 3
16:36:52 load 6.28 7.23 8.03 pending 3
16:37:23 load 6.12 7.08 7.95 pending 3
16:37:53 load 6.89 7.19 7.96 pending 3
16:38:23 load 8.37 7.53 8.05 pending 3
16:38:53 load 7.25 7.36 7.98 pending 3
16:39:23 load 6.80 7.25 7.92 pending 3
16:39:53 load 7.03 7.26 7.91 pending 3
16:40:23 load 6.89 7.18 7.86 pending 3
16:40:53 load 6.48 7.06 7.80 pending 3
16:41:23 load 6.78 7.06 7.77 pending 3
16:41:54 load 7.44 7.20 7.80 pending 3
16:42:24 load 7.21 7.17 7.77 pending 3
16:42:54 load 7.03 7.11 7.73 pending 3
16:43:24 load 8.57 7.49 7.84 pending 3
16:43:54 load 8.11 7.50 7.83 pending 3
16:44:24 load 7.24 7.37 7.78 pending 3
16:44:54 load 6.75 7.23 7.72 pending 3
16:45:24 load 7.12 7.27 7.72 pending 3
16:45:54 load 6.13 7.02 7.62 pending 3
16:46:24 load 6.59 7.05 7.61 pending 3
16:46:55 load 6.66 7.04 7.60 pending 3
16:47:25 load 7.22 7.14 7.61 pending 3
16:47:55 load 7.88 7.31 7.65 pending 3
16:48:25 load 7.71 7.33 7.65 pending 3
16:48:55 load 7.32 7.24 7.61 pending 3
16:49:25 load 7.44 7.28 7.61 pending 3
16:49:55 load 7.01 7.19 7.57 pending 3
16:50:25 load 7.04 7.15 7.54 pending 3
16:50:55 load 7.42 7.23 7.56 pending 3
16:51:26 load 5.99 6.88 7.43 pending 3
16:51:56 load 6.78 6.99 7.45 pending 3
16:52:26 load 6.75 6.95 7.42 pending 3
16:52:56 load 6.68 6.89 7.39 pending 3
16:53:26 load 6.28 6.79 7.34 pending 3
16:53:56 load 7.49 7.03 7.40 pending 3
16:54:26 load 7.92 7.18 7.44 pending 3
16:54:56 load 6.83 6.97 7.36 pending 3
16:55:26 load 6.84 6.95 7.34 pending 3
16:55:57 load 8.00 7.22 7.42 pending 3
16:56:27 load 8.27 7.37 7.47 pending 3
16:56:57 load 7.88 7.37 7.46 pending 3
16:57:27 load 7.87 7.40 7.47 pending 3
16:57:57 load 7.89 7.45 7.48 pending 2
16:58:27 load 5.41 6.88 7.29 pending 1
16:58:57 load 4.50 6.51 7.15 pending 1
16:59:27 load 3.78 6.10 6.99 pending 1
16:59:57 load 3.47 5.79 6.86 pending 1
17:00:28 load 3.28 5.51 6.73 pending 1
