'ZkFormal.NearV3.Candidates.ShaCarryPairs.expression_eval' depends on axioms: [propext]
'ZkFormal.NearV3.Candidates.ShaCarryPairs.constraints_decode' depends on axioms: [propext, Quot.sound]
'ZkFormal.NearV3.Candidates.ShaCarryPairs.shape' depends on axioms: [propext]
'ZkFormal.NearV3.Candidates.ShaCarryPairs.table_wf' depends on axioms: [propext]
'ZkFormal.NearV3.Candidates.ShaCarryPairs.pair_decode' depends on axioms: [propext, Quot.sound]
'ZkFormal.NearV3.Candidates.ShaCarryKinds.expression_eval' depends on axioms: [propext]
'ZkFormal.NearV3.Candidates.ShaCarryKinds.original_eval' depends on axioms: [propext, Quot.sound]
'ZkFormal.NearV3.Candidates.ShaCarryKinds.shape' depends on axioms: [propext]
'ZkFormal.NearV3.Candidates.ShaCarryKinds.table_wf' depends on axioms: [propext]
'ZkFormal.NearV3.Candidates.ShaCarryKinds.constraints_decode' depends on axioms: [propext, Quot.sound]
'ZkFormal.NearV3.Candidates.ShaCarryKinds.interaction_eval' depends on axioms: [propext, Quot.sound]
'ZkFormal.NearV3.Candidates.ShaPackingTrace.decode_local' depends on axioms: [propext, Quot.sound]
'ZkFormal.NearV3.Candidates.ShaPackingTrace.table_traffic' depends on axioms: [propext, Quot.sound]
'ZkFormal.NearV3.Candidates.ShaPackingEncode.carry_triplet' depends on axioms: [propext, Classical.choice, Quot.sound]
'ZkFormal.NearV3.Candidates.ShaPackingEncode.kind_pair' depends on axioms: [propext, Classical.choice, Quot.sound]
'ZkFormal.NearV3.Candidates.ShaPackingEncode.carry_roundtrip' depends on axioms: [propext, Classical.choice, Quot.sound]
'ZkFormal.NearV3.Candidates.ShaPackingEncode.kind_roundtrip' depends on axioms: [propext, Classical.choice, Quot.sound]
'ZkFormal.NearV3.Candidates.ShaPackingEncode.cell_roundtrip' depends on axioms: [propext, Classical.choice, Quot.sound]
'ZkFormal.NearV3.Candidates.ShaPackingEncode.eval_roundtrip' depends on axioms: [propext, Classical.choice, Quot.sound]
'ZkFormal.NearV3.Candidates.ShaPackingEncode.encode_local' depends on axioms: [propext, Classical.choice, Quot.sound]
'ZkFormal.NearV3.Candidates.ShaPackingEncode.encode_traffic' depends on axioms: [propext, Classical.choice, Quot.sound]
