07:09:57 load 15.02 15.36 12.77 pending 5
07:10:28 load 15.89 15.52 12.91 pending 5
07:10:58 load 17.58 15.93 13.13 pending 5
07:11:28 load 15.39 15.59 13.10 pending 5
07:11:58 load 14.84 15.39 13.11 pending 5
07:12:28 load 12.46 14.76 12.98 pending 5
07:12:58 load 11.01 14.19 12.84 pending 5
07:13:28 load 9.18 13.44 12.64 pending 5
07:13:58 load 8.51 12.88 12.48 pending 5
07:14:29 load 11.24 13.04 12.54 pending 5
07:14:59 load 12.89 13.29 12.64 pending 5
07:15:29 load 12.72 13.24 12.64 pending 5
07:15:59 load 13.25 13.34 12.69 pending 5
07:16:29 load 11.25 12.87 12.56 pending 5
07:16:59 load 11.38 12.75 12.53 pending 5
07:17:29 load 11.13 12.59 12.48 pending 5
07:18:00 load 15.85 13.59 12.82 pending 5
07:18:30 load 19.55 14.70 13.21 pending 5
07:19:00 load 17.20 14.66 13.25 pending 5
07:19:30 load 18.81 15.22 13.48 pending 5
07:20:00 load 20.01 15.92 13.77 pending 5
07:20:30 load 21.22 16.57 14.06 pending 5
07:21:01 load 20.89 16.96 14.27 pending 5
07:21:31 load 21.62 17.52 14.55 pending 5
07:22:01 load 22.09 18.09 14.83 pending 5
07:22:31 load 17.55 17.38 14.70 pending 5
07:23:01 load 14.72 16.73 14.57 pending 5
07:23:31 load 13.52 16.23 14.47 pending 5
07:24:01 load 14.73 16.21 14.51 pending 5
07:24:33 load 17.62 16.75 14.75 pending 5
07:25:03 load 19.44 17.24 14.98 pending 5
07:25:33 load 18.75 17.23 15.04 pending 5
07:26:03 load 21.74 17.99 15.36 pending 5
07:26:33 load 19.24 17.77 15.37 pending 5
07:27:03 load 16.13 17.11 15.22 pending 5
07:27:33 load 14.23 16.55 15.10 pending 5
07:28:04 load 14.23 16.35 15.08 pending 5
07:28:34 load 14.03 16.08 15.03 pending 5
07:29:04 load 12.85 15.58 14.89 pending 5
07:29:34 load 12.34 15.21 14.79 pending 5
07:30:04 load 12.08 14.88 14.69 pending 5
07:30:34 load 11.21 14.42 14.55 pending 5
07:31:04 load 11.27 14.14 14.45 pending 5
07:31:34 load 9.68 13.51 14.23 pending 5
07:32:04 load 10.87 13.48 14.20 pending 5
07:32:35 load 10.94 13.26 14.10 pending 5
07:33:05 load 12.07 13.27 14.08 pending 5
07:33:35 load 23.90 15.80 14.89 pending 5
07:34:05 load 23.49 16.40 15.11 pending 5
07:34:35 load 22.16 16.82 15.30 pending 5
07:35:05 load 19.94 16.78 15.33 pending 5
07:35:36 load 19.67 17.14 15.51 pending 5
07:36:06 load 22.67 18.10 15.88 pending 5
07:36:36 load 25.53 19.18 16.31 pending 5
07:37:06 load 30.51 20.97 17.00 pending 5
07:37:37 load 26.69 20.98 17.13 pending 5
07:38:07 load 28.93 22.10 17.62 pending 5
07:38:37 load 40.49 25.39 18.85 pending 5
07:39:08 load 38.39 26.22 19.33 pending 5
07:39:38 load 35.07 26.72 19.72 pending 5
07:40:08 load 28.88 26.06 19.73 pending 5
07:40:38 load 23.28 24.97 19.57 pending 5
07:41:09 load 21.85 24.59 19.62 pending 5
07:41:39 load 17.84 23.35 19.37 pending 5
07:42:09 load 16.22 22.41 19.18 pending 5
07:42:39 load 15.45 21.59 19.00 pending 5
07:43:09 load 15.95 21.14 18.94 pending 5
07:43:39 load 16.16 20.71 18.87 pending 5
07:44:09 load 16.34 20.30 18.79 pending 5
07:44:39 load 16.56 19.93 18.71 pending 5
07:45:10 load 14.06 19.03 18.45 pending 5
07:46:00 load 12.02 17.73 18.04 pending 5
07:46:30 load 13.70 17.62 17.99 pending 5
07:47:00 load 12.50 16.96 17.76 pending 5
07:47:30 load 12.00 16.42 17.56 pending 5
07:48:01 load 12.72 16.14 17.42 pending 5
07:48:31 load 13.11 15.91 17.31 pending 5
07:49:01 load 14.97 15.96 17.26 pending 5
07:49:31 load 13.97 15.60 17.10 pending 5
07:50:01 load 12.97 15.20 16.92 pending 5
07:50:31 load 12.01 14.75 16.71 pending 5
07:51:01 load 9.96 13.99 16.40 pending 5
07:51:31 load 10.63 13.77 16.24 pending 5
07:52:01 load 9.44 13.15 15.96 pending 5
07:52:32 load 10.00 12.91 15.79 pending 5
07:53:02 load 11.08 12.88 15.69 pending 5
07:53:32 load 9.89 12.39 15.43 pending 5
07:54:02 load 11.54 12.55 15.39 pending 5
07:54:32 load 12.30 12.64 15.32 pending 5
07:55:02 load 12.34 12.60 15.22 pending 5
07:55:32 load 12.67 12.65 15.16 pending 5
07:56:03 load 12.67 12.62 15.06 pending 5
07:56:33 load 11.81 12.43 14.92 pending 5
07:57:03 load 14.48 12.95 15.01 pending 5
07:57:33 load 16.55 13.63 15.17 pending 5
07:58:03 load 14.29 13.37 15.04 pending 5
07:58:33 load 12.81 13.10 14.89 pending 5
07:59:03 load 11.25 12.70 14.71 pending 5
07:59:33 load 10.01 12.29 14.51 pending 5
08:00:03 load 9.63 11.96 14.32 pending 5
08:00:34 load 9.39 11.68 14.15 pending 5
08:01:04 load 9.94 11.61 14.05 pending 5
08:01:34 load 8.20 11.01 13.77 pending 5
08:02:04 load 9.45 11.06 13.70 pending 5
08:02:34 load 11.40 11.37 13.72 pending 5
08:03:04 load 10.65 11.19 13.59 pending 5
08:03:34 load 11.28 11.29 13.54 pending 5
08:04:04 load 12.23 11.48 13.53 pending 5
08:04:35 load 13.80 11.93 13.61 pending 5
08:05:05 load 14.22 12.24 13.67 pending 5
08:05:35 load 14.23 12.45 13.69 pending 5
08:06:05 load 14.35 12.63 13.71 pending 5
08:06:35 load 14.30 12.77 13.72 pending 5
08:07:05 load 13.29 12.69 13.67 pending 5
08:07:35 load 11.29 12.25 13.49 pending 5
08:08:05 load 10.97 12.08 13.39 pending 5
08:08:36 load 9.03 11.54 13.17 pending 5
08:09:06 load 8.26 11.14 12.99 pending 5
08:09:36 load 8.91 11.03 12.89 pending 5
08:10:06 load 6.50 10.25 12.57 pending 5
08:10:36 load 5.01 9.46 12.22 pending 5
08:11:06 load 3.93 8.77 11.90 pending 5
08:11:36 load 3.53 8.22 11.62 pending 5
08:12:06 load 4.93 8.09 11.47 pending 5
08:12:36 load 7.23 8.33 11.43 pending 5
08:13:07 load 6.59 8.10 11.26 pending 5
08:13:37 load 5.47 7.67 11.02 pending 5
08:14:07 load 4.74 7.29 10.78 pending 5
08:14:37 load 4.47 6.99 10.57 pending 5
08:15:07 load 4.26 6.69 10.35 pending 5
08:15:37 load 3.51 6.27 10.10 pending 5
08:16:07 load 5.47 6.46 10.04 pending 5
08:16:37 load 6.96 6.73 10.01 pending 5
08:17:07 load 6.09 6.56 9.85 pending 5
08:17:38 load 5.10 6.27 9.65 pending 5
08:18:08 load 4.65 6.06 9.47 pending 5
08:18:38 load 3.99 5.77 9.26 pending 5
08:19:08 load 3.32 5.44 9.04 pending 5
08:19:38 load 2.74 5.09 8.81 pending 5
08:20:08 load 3.02 4.91 8.63 pending 5
08:20:38 load 5.24 5.25 8.62 pending 5
08:21:08 load 6.86 5.64 8.65 pending 5
08:21:39 load 5.01 5.32 8.45 pending 5
08:22:09 load 4.13 5.08 8.27 pending 5
08:22:39 load 3.35 4.80 8.07 pending 5
08:23:09 load 2.59 4.48 7.86 pending 5
08:23:39 load 2.02 4.16 7.65 pending 5
08:24:09 load 3.27 4.23 7.56 pending 5
08:24:39 load 5.03 4.56 7.56 pending 5
08:25:09 load 4.87 4.60 7.48 pending 5
08:25:39 load 4.09 4.43 7.33 pending 5
08:26:10 load 3.49 4.26 7.18 pending 5
08:26:40 load 2.82 4.02 7.01 pending 5
08:27:10 load 2.25 3.77 6.82 pending 5
08:27:40 load 1.76 3.50 6.64 pending 5
08:28:10 load 2.17 3.41 6.50 pending 5
08:28:40 load 4.49 3.85 6.55 pending 5
08:29:10 load 5.34 4.13 6.56 pending 5
08:29:40 load 3.92 3.90 6.41 pending 5
08:30:10 load 3.40 3.78 6.29 pending 5
08:30:41 load 2.85 3.61 6.15 pending 5
08:31:11 load 2.24 3.39 5.99 pending 5
08:31:41 load 1.75 3.16 5.83 pending 5
08:32:11 load 3.25 3.36 5.81 pending 5
08:32:41 load 5.17 3.82 5.89 pending 5
08:33:11 load 4.60 3.83 5.83 pending 5
08:33:41 load 3.87 3.72 5.73 pending 5
08:34:11 load 3.37 3.61 5.61 pending 5
08:34:41 load 2.75 3.44 5.49 pending 5
08:35:11 load 2.26 3.25 5.36 pending 5
08:35:42 load 1.88 3.06 5.23 pending 5
08:36:12 load 2.61 3.10 5.17 pending 5
08:36:42 load 3.98 3.38 5.20 pending 5
08:37:12 load 4.83 3.63 5.23 pending 5
08:37:42 load 5.82 3.98 5.29 pending 5
08:38:12 load 6.43 4.29 5.35 pending 5
08:38:42 load 7.00 4.63 5.43 pending 5
08:39:12 load 6.88 4.84 5.48 pending 5
08:39:42 load 6.51 4.94 5.49 pending 5
08:40:13 load 6.69 5.14 5.54 pending 5
08:40:43 load 7.21 5.41 5.62 pending 5
08:41:13 load 6.18 5.35 5.59 pending 5
08:41:43 load 7.07 5.65 5.69 pending 5
08:42:13 load 6.97 5.75 5.72 pending 5
08:42:43 load 7.11 5.92 5.78 pending 5
08:43:13 load 7.30 6.08 5.84 pending 5
08:43:43 load 6.39 5.99 5.82 pending 5
08:44:13 load 6.79 6.15 5.88 pending 5
08:44:44 load 7.27 6.33 5.94 pending 5
08:45:14 load 7.07 6.39 5.98 pending 5
08:45:44 load 6.30 6.24 5.94 pending 5
08:46:14 load 6.09 6.19 5.93 pending 5
08:46:44 load 7.05 6.41 6.02 pending 5
08:47:14 load 6.90 6.45 6.04 pending 5
08:47:44 load 7.41 6.62 6.11 pending 5
08:48:14 load 7.36 6.68 6.15 pending 5
08:48:44 load 6.33 6.52 6.12 pending 5
08:49:15 load 6.61 6.57 6.14 pending 5
08:49:45 load 6.95 6.66 6.19 pending 5
08:50:15 load 7.14 6.74 6.23 pending 5
08:50:45 load 7.14 6.78 6.26 pending 5
08:51:15 load 7.48 6.90 6.32 pending 5
08:51:45 load 7.69 7.00 6.37 pending 5
08:52:15 load 6.91 6.89 6.36 pending 5
08:52:45 load 6.71 6.85 6.36 pending 5
08:53:15 load 5.90 6.63 6.30 pending 5
08:53:46 load 6.29 6.66 6.32 pending 5
08:54:16 load 6.52 6.69 6.35 pending 5
08:54:46 load 6.54 6.70 6.36 pending 5
08:55:16 load 7.25 6.86 6.43 pending 5
08:55:46 load 7.60 6.99 6.48 pending 5
08:56:16 load 6.51 6.75 6.42 pending 5
08:56:46 load 7.17 6.89 6.48 pending 5
08:57:16 load 6.95 6.86 6.48 pending 5
08:57:47 load 6.79 6.83 6.48 pending 5
08:58:17 load 7.33 6.95 6.54 pending 5
08:58:47 load 7.06 6.94 6.55 pending 5
08:59:17 load 6.44 6.81 6.52 pending 5
08:59:47 load 6.32 6.73 6.50 pending 5
09:00:17 load 7.05 6.87 6.55 pending 5
09:00:47 load 6.82 6.83 6.55 pending 5
09:01:17 load 6.91 6.84 6.56 pending 5
09:01:47 load 7.02 6.86 6.58 pending 5
09:02:18 load 6.29 6.70 6.53 pending 5
09:02:48 load 6.19 6.62 6.51 pending 5
09:03:18 load 5.38 6.38 6.43 pending 5
09:03:48 load 4.69 6.10 6.34 pending 5
09:04:18 load 5.78 6.22 6.37 pending 5
09:04:48 load 6.29 6.32 6.40 pending 5
09:05:18 load 5.36 6.07 6.31 pending 5
09:05:48 load 5.51 6.05 6.30 pending 5
09:06:18 load 5.98 6.12 6.32 pending 5
09:06:49 load 6.84 6.32 6.38 pending 5
09:07:19 load 6.92 6.40 6.40 pending 5
09:07:49 load 6.80 6.40 6.40 pending 5
09:08:19 load 7.28 6.55 6.45 pending 5
09:08:49 load 7.04 6.55 6.46 pending 5
09:09:19 load 7.30 6.66 6.49 pending 5
09:09:49 load 7.21 6.69 6.51 pending 5
09:10:19 load 7.24 6.74 6.53 pending 5
09:10:49 load 6.51 6.63 6.51 pending 5
09:11:20 load 7.07 6.77 6.56 pending 5
09:11:50 load 6.77 6.72 6.55 pending 5
09:12:20 load 6.82 6.74 6.56 pending 5
09:12:50 load 6.64 6.68 6.55 pending 5
09:13:20 load 6.54 6.68 6.55 pending 5
09:13:50 load 6.93 6.75 6.58 pending 5
09:14:20 load 7.49 6.90 6.63 pending 5
09:14:50 load 7.99 7.07 6.70 pending 5
09:15:20 load 7.74 7.08 6.72 pending 5
09:15:51 load 7.39 7.05 6.71 pending 5
09:16:21 load 7.02 6.98 6.70 pending 5
09:16:51 load 6.34 6.84 6.67 pending 5
09:17:21 load 5.98 6.68 6.62 pending 5
09:17:51 load 6.98 6.86 6.68 pending 5
09:18:21 load 6.13 6.69 6.63 pending 5
09:18:51 load 5.73 6.54 6.58 pending 5
09:19:21 load 6.21 6.60 6.60 pending 5
09:19:51 load 6.37 6.62 6.61 pending 5
09:20:22 load 6.00 6.52 6.58 pending 5
09:20:52 load 5.97 6.46 6.56 pending 5
09:21:22 load 6.77 6.61 6.61 pending 5
09:21:52 load 6.81 6.66 6.63 pending 5
09:22:22 load 6.92 6.68 6.63 pending 5
09:22:52 load 5.92 6.49 6.57 pending 5
09:23:22 load 5.90 6.42 6.55 pending 5
09:23:52 load 6.65 6.56 6.59 pending 5
09:24:22 load 6.26 6.47 6.56 pending 5
09:24:53 load 7.06 6.65 6.62 pending 5
09:25:23 load 6.33 6.52 6.58 pending 5
09:25:53 load 6.22 6.45 6.55 pending 5
09:26:23 load 6.25 6.41 6.53 pending 5
09:26:53 load 5.53 6.21 6.46 pending 5
09:27:23 load 6.24 6.33 6.50 pending 5
09:27:53 load 6.54 6.40 6.51 pending 5
09:28:23 load 5.69 6.21 6.45 pending 5
09:28:53 load 6.01 6.25 6.46 pending 5
09:29:23 load 6.34 6.30 6.46 pending 5
09:29:54 load 6.27 6.27 6.45 pending 5
09:30:24 load 5.94 6.22 6.43 pending 5
09:30:54 load 6.28 6.28 6.44 pending 5
09:31:24 load 6.59 6.34 6.46 pending 5
09:31:54 load 6.74 6.39 6.47 pending 5
09:32:24 load 6.84 6.44 6.48 pending 5
09:32:54 load 6.79 6.47 6.50 pending 5
09:33:24 load 6.68 6.48 6.50 pending 5
09:33:54 load 6.87 6.54 6.52 pending 5
09:34:25 load 7.43 6.71 6.58 pending 5
09:34:55 load 6.35 6.52 6.52 pending 5
09:35:25 load 6.00 6.43 6.49 pending 5
09:35:55 load 6.86 6.60 6.55 pending 5
09:36:25 load 7.17 6.70 6.58 pending 5
09:36:55 load 6.15 6.51 6.52 pending 5
09:37:25 load 6.09 6.45 6.50 pending 5
09:37:55 load 7.00 6.63 6.56 pending 5
09:38:25 load 6.75 6.63 6.56 pending 5
09:38:56 load 6.48 6.59 6.55 pending 5
09:39:26 load 5.90 6.42 6.49 pending 5
09:39:56 load 6.85 6.60 6.55 pending 5
09:40:26 load 6.24 6.48 6.52 pending 5
09:40:56 load 6.65 6.56 6.54 pending 5
09:41:26 load 5.58 6.30 6.46 pending 5
09:41:56 load 5.13 6.13 6.39 pending 5
09:42:26 load 5.85 6.21 6.41 pending 5
09:42:56 load 6.64 6.37 6.46 pending 5
09:43:27 load 6.26 6.31 6.44 pending 5
09:43:57 load 6.95 6.47 6.49 pending 5
09:44:27 load 7.50 6.65 6.55 pending 5
09:44:57 load 6.72 6.53 6.51 pending 5
09:45:27 load 5.53 6.27 6.43 pending 5
09:45:57 load 5.49 6.16 6.39 pending 5
09:46:27 load 5.88 6.21 6.39 pending 5
09:46:57 load 5.35 6.05 6.33 pending 5
09:47:27 load 6.02 6.14 6.36 pending 5
09:47:58 load 5.56 6.02 6.31 pending 5
09:48:28 load 6.12 6.10 6.33 pending 5
09:48:58 load 6.86 6.28 6.38 pending 5
09:49:28 load 6.30 6.23 6.36 pending 5
09:49:58 load 5.80 6.13 6.33 pending 5
09:50:28 load 4.92 5.89 6.24 pending 5
09:50:58 load 5.82 6.01 6.27 pending 5
09:51:28 load 5.94 6.00 6.26 pending 5
09:51:59 load 6.08 6.02 6.26 pending 5
09:52:29 load 4.63 5.67 6.13 pending 5
09:52:59 load 5.10 5.70 6.13 pending 5
09:53:29 load 5.84 5.83 6.16 pending 5
09:53:59 load 5.65 5.79 6.14 pending 5
09:54:29 load 6.17 5.90 6.17 pending 5
09:54:59 load 6.28 5.93 6.17 pending 5
09:55:29 load 6.08 5.91 6.15 pending 5
09:55:59 load 6.36 6.01 6.18 pending 5
09:56:30 load 6.52 6.10 6.21 pending 5
09:57:00 load 7.19 6.30 6.27 pending 5
09:57:30 load 7.19 6.38 6.29 pending 5
09:58:00 load 7.04 6.42 6.31 pending 5
09:58:30 load 7.47 6.56 6.36 pending 5
09:59:00 load 7.13 6.56 6.37 pending 5
09:59:30 load 7.92 6.81 6.46 pending 5
10:00:00 load 8.10 6.96 6.52 pending 5
10:00:30 load 6.88 6.74 6.46 pending 5
10:01:01 load 7.46 6.90 6.52 pending 5
10:01:31 load 7.67 7.00 6.57 pending 5
10:02:01 load 7.44 6.95 6.56 pending 5
10:02:31 load 8.43 7.26 6.68 pending 5
10:03:01 load 12.82 8.52 7.12 pending 5
10:03:31 load 12.49 8.87 7.28 pending 5
10:04:01 load 13.02 9.33 7.49 pending 5
10:04:32 load 13.18 9.72 7.68 pending 5
10:05:02 load 10.37 9.33 7.61 pending 5
10:05:32 load 9.79 9.31 7.66 pending 5
10:06:02 load 12.08 9.91 7.91 pending 5
10:06:32 load 12.18 10.14 8.05 pending 5
10:07:02 load 11.38 10.14 8.12 pending 5
10:07:32 load 10.11 9.94 8.12 pending 5
10:08:02 load 11.40 10.33 8.32 pending 5
10:08:33 load 10.80 10.31 8.38 pending 5
10:09:03 load 10.48 10.30 8.44 pending 5
10:09:33 load 9.95 10.19 8.46 pending 5
10:10:03 load 8.94 9.90 8.42 pending 5
10:10:33 load 8.23 9.61 8.37 pending 5
10:11:03 load 8.27 9.52 8.38 pending 5
10:11:33 load 8.20 9.40 8.38 pending 5
10:12:03 load 9.33 9.58 8.47 pending 5
10:12:33 load 9.73 9.66 8.54 pending 5
10:13:04 load 8.76 9.44 8.50 pending 5
10:13:34 load 9.62 9.58 8.57 pending 5
10:14:04 load 9.30 9.52 8.59 pending 5
10:14:34 load 11.40 10.08 8.81 pending 5
10:15:04 load 11.87 10.33 8.94 pending 5
10:15:34 load 11.59 10.41 9.01 pending 5
10:16:04 load 11.09 10.40 9.05 pending 5
10:16:34 load 11.21 10.48 9.12 pending 5
10:17:05 load 11.47 10.65 9.22 pending 5
10:17:35 load 11.46 10.72 9.29 pending 5
10:18:05 load 10.94 10.70 9.33 pending 5
10:18:35 load 8.93 10.23 9.21 pending 5
10:19:05 load 8.98 10.11 9.21 pending 5
10:19:35 load 9.70 10.18 9.26 pending 5
10:20:05 load 8.70 9.89 9.19 pending 5
10:20:35 load 9.03 9.85 9.20 pending 5
10:21:05 load 9.20 9.82 9.21 pending 5
10:21:36 load 7.77 9.42 9.10 pending 5
10:22:06 load 7.55 9.23 9.04 pending 5
10:22:36 load 8.14 9.22 9.05 pending 5
10:23:06 load 8.06 9.09 9.01 pending 5
10:23:36 load 9.05 9.23 9.06 pending 5
10:24:06 load 8.80 9.15 9.04 pending 5
10:24:36 load 8.43 8.99 8.98 pending 5
10:25:06 load 7.52 8.72 8.89 pending 5
10:25:37 load 7.65 8.63 8.86 pending 5
10:26:07 load 7.79 8.59 8.84 pending 5
10:26:37 load 8.34 8.63 8.84 pending 5
10:27:07 load 7.89 8.50 8.80 pending 5
10:27:37 load 9.10 8.71 8.86 pending 5
10:28:07 load 9.10 8.77 8.87 pending 5
10:28:37 load 9.59 8.92 8.92 pending 5
10:29:07 load 9.72 9.00 8.94 pending 5
10:29:37 load 8.37 8.73 8.86 pending 5
10:30:08 load 9.09 8.88 8.90 pending 5
10:30:38 load 8.95 8.89 8.91 pending 5
10:31:08 load 9.35 8.94 8.92 pending 5
10:31:38 load 8.24 8.71 8.84 pending 5
10:32:08 load 7.88 8.57 8.79 pending 5
10:32:38 load 8.10 8.56 8.78 pending 5
10:33:08 load 7.61 8.41 8.72 pending 5
10:33:38 load 10.40 8.99 8.91 pending 5
10:34:08 load 9.14 8.83 8.86 pending 5
10:34:39 load 9.28 8.91 8.89 pending 5
10:35:09 load 8.20 8.65 8.80 pending 5
10:35:39 load 8.66 8.72 8.82 pending 5
10:36:09 load 8.69 8.73 8.82 pending 5
10:36:39 load 8.11 8.59 8.77 pending 5
10:37:09 load 7.65 8.43 8.71 pending 5
10:37:39 load 7.80 8.40 8.69 pending 5
10:38:09 load 8.79 8.59 8.75 pending 5
10:38:40 load 7.82 8.34 8.66 pending 5
10:39:10 load 8.79 8.57 8.73 pending 5
10:39:40 load 8.24 8.50 8.70 pending 5
10:40:10 load 9.19 8.74 8.78 pending 5
10:40:40 load 9.65 8.88 8.82 pending 5
10:41:10 load 8.12 8.61 8.74 pending 5
10:41:40 load 8.00 8.54 8.71 pending 5
10:42:10 load 9.34 8.87 8.82 pending 5
10:42:40 load 9.58 8.97 8.86 pending 5
10:43:11 load 10.52 9.25 8.95 pending 5
10:43:41 load 10.12 9.27 8.97 pending 5
10:44:11 load 9.50 9.24 8.97 pending 5
10:44:41 load 9.81 9.30 9.00 pending 5
10:45:11 load 9.56 9.30 9.01 pending 5
10:45:41 load 9.21 9.23 8.99 pending 5
10:46:11 load 9.76 9.34 9.03 pending 5
10:46:41 load 9.11 9.21 9.00 pending 5
10:47:12 load 9.57 9.32 9.04 pending 5
10:47:42 load 9.62 9.37 9.07 pending 5
10:48:12 load 7.80 8.95 8.94 pending 5
10:48:42 load 9.25 9.20 9.02 pending 5
10:49:12 load 9.39 9.20 9.02 pending 5
10:49:42 load 13.33 10.26 9.39 pending 5
10:50:12 load 12.62 10.39 9.46 pending 5
10:50:42 load 11.23 10.27 9.45 pending 5
10:51:13 load 10.26 10.13 9.43 pending 5
10:51:43 load 9.00 9.84 9.36 pending 5
10:52:13 load 10.05 9.98 9.42 pending 5
10:52:43 load 14.03 11.04 9.80 pending 5
10:53:13 load 11.08 10.61 9.69 pending 5
10:53:43 load 11.56 10.77 9.78 pending 5
10:54:13 load 10.98 10.71 9.79 pending 5
10:54:43 load 9.89 10.43 9.72 pending 5
10:55:14 load 9.68 10.33 9.71 pending 5
10:55:44 load 10.49 10.47 9.78 pending 5
10:56:14 load 9.09 10.11 9.68 pending 5
10:56:44 load 10.93 10.47 9.81 pending 5
10:57:14 load 10.16 10.34 9.79 pending 5
10:57:44 load 10.27 10.34 9.81 pending 5
10:58:14 load 9.94 10.23 9.79 pending 5
10:58:44 load 9.91 10.18 9.79 pending 5
10:59:14 load 10.91 10.42 9.88 pending 5
10:59:45 load 10.52 10.36 9.88 pending 5
11:00:15 load 10.13 10.27 9.86 pending 5
11:00:45 load 10.98 10.46 9.94 pending 5
11:01:15 load 11.28 10.58 10.00 pending 5
11:01:45 load 10.15 10.40 9.96 pending 5
11:02:15 load 9.23 10.16 9.89 pending 5
11:02:45 load 9.91 10.24 9.93 pending 5
11:03:15 load 8.76 9.95 9.84 pending 5
11:03:46 load 8.31 9.71 9.76 pending 5
11:04:16 load 8.12 9.54 9.71 pending 5
11:04:46 load 9.80 9.85 9.80 pending 5
11:05:16 load 9.23 9.71 9.76 pending 5
11:05:46 load 8.42 9.50 9.69 pending 5
11:06:16 load 7.35 9.12 9.55 pending 5
11:06:46 load 7.64 9.04 9.51 pending 5
11:07:16 load 7.42 8.88 9.45 pending 5
11:07:46 load 7.71 8.80 9.40 pending 5
11:08:17 load 7.87 8.75 9.37 pending 5
11:08:47 load 7.20 8.52 9.27 pending 5
11:09:17 load 7.34 8.42 9.21 pending 5
11:09:47 load 7.12 8.24 9.13 pending 5
11:10:17 load 6.87 8.06 9.04 pending 5
11:10:47 load 6.03 7.75 8.90 pending 5
11:11:17 load 6.03 7.58 8.81 pending 5
11:11:47 load 7.07 7.69 8.81 pending 5
11:12:17 load 6.69 7.57 8.73 pending 5
11:12:48 load 7.75 7.74 8.75 pending 5
11:13:18 load 7.52 7.66 8.69 pending 5
11:13:48 load 6.92 7.49 8.60 pending 5
11:14:18 load 7.64 7.62 8.61 pending 5
11:14:48 load 7.60 7.63 8.58 pending 5
11:15:18 load 7.26 7.56 8.52 pending 5
11:15:48 load 6.74 7.39 8.44 pending 5
11:16:18 load 7.41 7.50 8.44 pending 5
11:16:49 load 8.56 7.77 8.50 pending 5
11:17:19 load 8.44 7.81 8.49 pending 5
11:17:49 load 8.12 7.80 8.46 pending 5
11:18:19 load 7.87 7.79 8.44 pending 5
11:18:49 load 7.65 7.75 8.40 pending 5
11:19:19 load 8.40 7.96 8.46 pending 5
11:19:49 load 8.00 7.90 8.42 pending 5
11:20:19 load 9.82 8.36 8.56 pending 5
11:20:49 load 9.95 8.49 8.59 pending 5
11:21:20 load 9.69 8.56 8.61 pending 5
11:21:50 load 10.19 8.77 8.68 pending 5
11:22:20 load 9.35 8.72 8.67 pending 5
11:22:50 load 8.66 8.62 8.64 pending 5
11:23:20 load 7.98 8.47 8.59 pending 5
11:23:50 load 8.46 8.54 8.61 pending 5
11:24:20 load 8.19 8.49 8.59 pending 5
11:24:50 load 8.41 8.48 8.58 pending 5
11:25:20 load 8.16 8.42 8.56 pending 5
11:25:51 load 9.39 8.72 8.66 pending 5
11:26:21 load 9.73 8.89 8.71 pending 5
11:26:51 load 9.78 9.03 8.77 pending 4
11:27:21 load 8.11 8.72 8.68 pending 4
11:27:51 load 5.70 8.07 8.46 pending 4
11:28:21 load 4.10 7.46 8.25 pending 2
11:28:51 load 5.11 7.37 8.19 pending 1
11:29:21 load 6.38 7.45 8.19 pending 1
11:29:52 load 7.05 7.49 8.18 pending 1
11:30:22 load 9.02 7.91 8.30 pending 1
